error[E0308]: mismatched types
  --> tests/ui-msrv/transmute-ref-dst-not-a-reference.rs:17:36
   |
17 | const DST_NOT_A_REFERENCE: usize = transmute_ref!(&0u8);
   |                                    ^^^^^^^^^^^^^^^^^^^^ expected `usize`, found reference
   |
   = note:   expected type `usize`
           found reference `&_`
   = note: this error originates in the macro `transmute_ref` (in Nightly builds, run with -Z macro-backtrace for more info)

error[E0308]: mismatched types
  --> tests/ui-msrv/transmute-ref-dst-not-a-reference.rs:17:36
   |
17 | const DST_NOT_A_REFERENCE: usize = transmute_ref!(&0u8);
   |                                    ^^^^^^^^^^^^^^^^^^^^ expected `usize`, found reference
   |
   = note:   expected type `usize`
           found reference `&_`
   = note: this error originates in the macro `transmute_ref` (in Nightly builds, run with -Z macro-backtrace for more info)

error[E0308]: mismatched types
  --> tests/ui-msrv/transmute-ref-dst-not-a-reference.rs:17:36
   |
17 | const DST_NOT_A_REFERENCE: usize = transmute_ref!(&0u8);
   |                                    ^^^^^^^^^^^^^^^^^^^^ expected `usize`, found reference
   |
   = note:   expected type `usize`
           found reference `&_`
   = note: this error originates in the macro `transmute_ref` (in Nightly builds, run with -Z macro-backtrace for more info)

error[E0308]: mismatched types
  --> tests/ui-msrv/transmute-ref-dst-not-a-reference.rs:17:36
   |
17 | const DST_NOT_A_REFERENCE: usize = transmute_ref!(&0u8);
   |                                    ^^^^^^^^^^^^^^^^^^^^ expected `usize`, found reference
   |
   = note:   expected type `usize`
           found reference `&_`
   = note: this error originates in the macro `transmute_ref` (in Nightly builds, run with -Z macro-backtrace for more info)

error[E0308]: mismatched types
  --> tests/ui-msrv/transmute-ref-dst-not-a-reference.rs:17:36
   |
17 | const DST_NOT_A_REFERENCE: usize = transmute_ref!(&0u8);
   |                                    ^^^^^^^^^^^^^^^^^^^^
   |                                    |
   |                                    expected `usize`, found reference
   |                                    arguments to this function are incorrect
   |
   = note:   expected type `usize`
           found reference `&_`
note: function defined here
  --> src/util/macro_util.rs
   |
   | pub const fn must_use<T>(t: T) -> T {
   |              ^^^^^^^^
   = note: this error originates in the macro `transmute_ref` (in Nightly builds, run with -Z macro-backtrace for more info)
